[{"stream_name":"stderr","time":11.601257987,"data":"0.00s - Debugger warning: It seems that frozen modules are being used, which may\n"}
,{"stream_name":"stderr","time":11.601347997,"data":"0.00s - make the debugger miss breakpoints. Please pass -Xfrozen_modules=off\n"}
,{"stream_name":"stderr","time":11.60135812,"data":"0.00s - to python to disable frozen modules.\n"}
,{"stream_name":"stderr","time":11.601362071,"data":"0.00s - Note: Debugging will proceed. Set PYDEVD_DISABLE_FILE_VALIDATION=1 to disable this validation.\n"}
,{"stream_name":"stderr","time":12.360718363,"data":"0.00s - Debugger warning: It seems that frozen modules are being used, which may\n"}
,{"stream_name":"stderr","time":12.360759235,"data":"0.00s - make the debugger miss breakpoints. Please pass -Xfrozen_modules=off\n"}
,{"stream_name":"stderr","time":12.360766023,"data":"0.00s - to python to disable frozen modules.\n"}
,{"stream_name":"stderr","time":12.360769957,"data":"0.00s - Note: Debugging will proceed. Set PYDEVD_DISABLE_FILE_VALIDATION=1 to disable this validation.\n"}
,{"stream_name":"stdout","time":27.395149893,"data":"device cuda | du lieu /kaggle/input/competitions/rsna-knee-abnormality-detection\n"}
,{"stream_name":"stdout","time":27.395184905,"data":"assets: repo=dinov2_repo weights=dinov2_vits14_pretrain.pth head=head_mp_coronal.pt\n"}
,{"stream_name":"stderr","time":27.786025206,"data":"/kaggle/input/datasets/votrananhquan/rsna-knee-my-assets/dinov2_repo/dinov2/layers/swiglu_ffn.py:51: UserWarning: xFormers is not available (SwiGLU)\n"}
,{"stream_name":"stderr","time":27.78607202,"data":"  warnings.warn(\"xFormers is not available (SwiGLU)\")\n"}
,{"stream_name":"stderr","time":27.786077628,"data":"/kaggle/input/datasets/votrananhquan/rsna-knee-my-assets/dinov2_repo/dinov2/layers/attention.py:33: UserWarning: xFormers is not available (Attention)\n"}
,{"stream_name":"stderr","time":27.786081311,"data":"  warnings.warn(\"xFormers is not available (Attention)\")\n"}
,{"stream_name":"stderr","time":27.786084607,"data":"/kaggle/input/datasets/votrananhquan/rsna-knee-my-assets/dinov2_repo/dinov2/layers/block.py:40: UserWarning: xFormers is not available (Block)\n"}
,{"stream_name":"stderr","time":27.786087871,"data":"  warnings.warn(\"xFormers is not available (Block)\")\n"}
,{"stream_name":"stderr","time":27.786091485,"data":"\n"}
,{"stream_name":"stderr","time":27.786116401,"data":"/kaggle/input/datasets/votrananhquan/rsna-knee-my-assets/dinov2_repo/dinov2/layers/swiglu_ffn.py:51: UserWarning: xFormers is not available (SwiGLU)\n"}
,{"stream_name":"stderr","time":27.786121597,"data":"  warnings.warn(\"xFormers is not available (SwiGLU)\")\n"}
,{"stream_name":"stderr","time":27.786126325,"data":"/kaggle/input/datasets/votrananhquan/rsna-knee-my-assets/dinov2_repo/dinov2/layers/attention.py:33: UserWarning: xFormers is not available (Attention)\n"}
,{"stream_name":"stderr","time":27.786131701,"data":"  warnings.warn(\"xFormers is not available (Attention)\")\n"}
,{"stream_name":"stderr","time":27.786136896,"data":"/kaggle/input/datasets/votrananhquan/rsna-knee-my-assets/dinov2_repo/dinov2/layers/block.py:40: UserWarning: xFormers is not available (Block)\n"}
,{"stream_name":"stderr","time":27.786141647,"data":"  warnings.warn(\"xFormers is not available (Block)\")\n"}
,{"stream_name":"stdout","time":30.319606826,"data":"backbone: dinov2_vits14 @ 224\n"}
,{"stream_name":"stdout","time":35.935080226,"data":"backbone: dinov2_vitb14 @ 336\n"}
,{"stream_name":"stdout","time":35.935147285,"data":"head: chung_b336     dinov2_vitb14 @336 | all      | CV 0.7481\n"}
,{"stream_name":"stdout","time":35.935154814,"data":"head: chung_s224     dinov2_vits14 @224 | all      | CV 0.7698\n"}
,{"stream_name":"stdout","time":35.935160708,"data":"head: mp_axial       dinov2_vits14 @224 | axial    | CV 0.7691\n"}
,{"stream_name":"stdout","time":35.935178867,"data":"head: mp_coronal     dinov2_vits14 @224 | coronal  | CV 0.7394\n"}
,{"stream_name":"stdout","time":35.935182853,"data":"head: mp_sagittal    dinov2_vits14 @224 | sagittal | CV 0.7106\n"}
,{"stream_name":"stdout","time":35.935186374,"data":"se trich dac trung o 2 cau hinh: [('dinov2_vitb14', 336), ('dinov2_vits14', 224)]\n"}
,{"stream_name":"stdout","time":35.935195174,"data":"test: 15 series -\u003e 3 study, 9 series dung (3.00 series/study)\n"}
,{"stream_name":"stdout","time":49.527420509,"data":"  head chung_b336     chay duoc 3/3 ca\n"}
,{"stream_name":"stdout","time":49.527464069,"data":"  head chung_s224     chay duoc 3/3 ca\n"}
,{"stream_name":"stdout","time":49.527470675,"data":"  head mp_axial       chay duoc 3/3 ca\n"}
,{"stream_name":"stdout","time":49.527475386,"data":"  head mp_coronal     chay duoc 3/3 ca\n"}
,{"stream_name":"stdout","time":49.527479937,"data":"  head mp_sagittal    chay duoc 3/3 ca\n"}
,{"stream_name":"stdout","time":49.527491522,"data":"  trung binh 5.00 head moi ca\n"}
,{"stream_name":"stdout","time":49.527496022,"data":"\n"}
,{"stream_name":"stdout","time":49.527500181,"data":"=== XONG ===\n"}
,{"stream_name":"stdout","time":49.527504462,"data":"                                                   StudyInstanceUID  ACL       MCL  Medial Meniscus  Lateral Meniscus  Medial OA  Lateral OA     PF OA  Effusion  Synovitis   Baker's  Contusion  Fracture\n"}
,{"stream_name":"stdout","time":49.527510806,"data":"0  1.2.826.0.1.3680043.8.498.10047035057544427318018579121635276191  0.6  0.666667         0.600000          0.733333   0.933333    0.600000  0.866667  0.600000   0.666667  0.933333   0.533333  0.533333\n"}
,{"stream_name":"stdout","time":49.527516181,"data":"1  1.2.826.0.1.3680043.8.498.10062861783145312629332250977456991776  1.0  0.600000         0.666667          0.666667   0.533333    0.533333  0.333333  0.733333   0.933333  0.600000   1.000000  0.866667\n"}
,{"stream_name":"stdout","time":49.527521183,"data":"2  1.2.826.0.1.3680043.8.498.10067514707072572280263481548497591402  0.4  0.733333         0.733333          0.600000   0.533333    0.866667  0.800000  0.666667   0.400000  0.466667   0.466667  0.600000\n"}
,{"stream_name":"stdout","time":49.527526,"data":"{\n"}
,{"stream_name":"stdout","time":49.527530219,"data":"  \"n_study\": 3,\n"}
,{"stream_name":"stdout","time":49.527536066,"data":"  \"n_loi\": 0,\n"}
,{"stream_name":"stdout","time":49.527542192,"data":"  \"phut_tong\": 0.4,\n"}
,{"stream_name":"stdout","time":49.527547145,"data":"  \"giay_moi_study\": 7.99,\n"}
,{"stream_name":"stdout","time":49.527552445,"data":"  \"phan_tram_doc_anh\": 63,\n"}
,{"stream_name":"stdout","time":49.527557407,"data":"  \"phan_tram_model\": 37,\n"}
,{"stream_name":"stdout","time":49.527562716,"data":"  \"do_lech_chuan_du_doan\": 0.1527\n"}
,{"stream_name":"stdout","time":49.527567803,"data":"}\n"}
,{"stream_name":"stderr","time":55.216029846,"data":"/usr/local/lib/python3.12/dist-packages/mistune.py:435: SyntaxWarning: invalid escape sequence '\\|'\n"}
,{"stream_name":"stderr","time":55.216082638,"data":"  cells[i][c] = re.sub('\\\\\\\\\\|', '|', cell)\n"}
,{"stream_name":"stderr","time":55.418248196,"data":"/usr/local/lib/python3.12/dist-packages/nbconvert/filters/filter_links.py:36: SyntaxWarning: invalid escape sequence '\\_'\n"}
,{"stream_name":"stderr","time":55.418298596,"data":"  text = re.sub(r'_', '\\_', text) # Escape underscores in display text\n"}
,{"stream_name":"stderr","time":56.262948739,"data":"[NbConvertApp] Converting notebook __notebook__.ipynb to notebook\n"}
,{"stream_name":"stderr","time":56.560975333,"data":"[NbConvertApp] Writing 30501 bytes to __notebook__.ipynb\n"}
,{"stream_name":"stderr","time":59.052568792,"data":"[NbConvertApp] Converting notebook __notebook__.ipynb to html\n"}
,{"stream_name":"stderr","time":59.952162471,"data":"[NbConvertApp] Writing 380679 bytes to __results__.html\n"}
]